/home/xxx/fortran_experiments/_9_urbanopt/la38-22-2-0/in_uwyo_38.idf
/home/xxx/fortran_experiments/_9_urbanopt/la38-22-2-0/in_uwyo_37.idf
/home/xxx/fortran_experiments/_9_urbanopt/la38-22-2-0/in_uwyo_36.idf
/home/xxx/fortran_experiments/_9_urbanopt/la38-22-2-0/in_uwyo_35.idf
/home/xxx/fortran_experiments/_9_urbanopt/la38-22-2-0/in_uwyo_34.idf
/home/xxx/fortran_experiments/_9_urbanopt/la38-22-2-0/in_uwyo_33.idf
/home/xxx/fortran_experiments/_9_urbanopt/la38-22-2-0/in_uwyo_32.idf
/home/xxx/fortran_experiments/_9_urbanopt/la38-22-2-0/in_uwyo_31.idf
/home/xxx/fortran_experiments/_9_urbanopt/la38-22-2-0/in_uwyo_30.idf
/home/xxx/fortran_experiments/_9_urbanopt/la38-22-2-0/in_uwyo_29.idf
/home/xxx/fortran_experiments/_9_urbanopt/la38-22-2-0/in_uwyo_28.idf
/home/xxx/fortran_experiments/_9_urbanopt/la38-22-2-0/in_uwyo_27.idf
/home/xxx/fortran_experiments/_9_urbanopt/la38-22-2-0/in_uwyo_26.idf
/home/xxx/fortran_experiments/_9_urbanopt/la38-22-2-0/in_uwyo_25.idf
/home/xxx/fortran_experiments/_9_urbanopt/la38-22-2-0/in_uwyo_24.idf
/home/xxx/fortran_experiments/_9_urbanopt/la38-22-2-0/in_uwyo_23.idf
/home/xxx/fortran_experiments/_9_urbanopt/la38-22-2-0/in_uwyo_22.idf
/home/xxx/fortran_experiments/_9_urbanopt/la38-22-2-0/in_uwyo_21.idf
/home/xxx/fortran_experiments/_9_urbanopt/la38-22-2-0/in_uwyo_20.idf
/home/xxx/fortran_experiments/_9_urbanopt/la38-22-2-0/in_uwyo_19.idf
/home/xxx/fortran_experiments/_9_urbanopt/la38-22-2-0/in_uwyo_18.idf
/home/xxx/fortran_experiments/_9_urbanopt/la38-22-2-0/in_uwyo_17.idf
/home/xxx/fortran_experiments/_9_urbanopt/la38-22-2-0/in_uwyo_16.idf
/home/xxx/fortran_experiments/_9_urbanopt/la38-22-2-0/in_uwyo_15.idf
/home/xxx/fortran_experiments/_9_urbanopt/la38-22-2-0/in_uwyo_14.idf
/home/xxx/fortran_experiments/_9_urbanopt/la38-22-2-0/in_uwyo_13.idf
/home/xxx/fortran_experiments/_9_urbanopt/la38-22-2-0/in_uwyo_12.idf
/home/xxx/fortran_experiments/_9_urbanopt/la38-22-2-0/in_uwyo_11.idf
/home/xxx/fortran_experiments/_9_urbanopt/la38-22-2-0/in_uwyo_10.idf
/home/xxx/fortran_experiments/_9_urbanopt/la38-22-2-0/in_uwyo_9.idf
/home/xxx/fortran_experiments/_9_urbanopt/la38-22-2-0/in_uwyo_8.idf
/home/xxx/fortran_experiments/_9_urbanopt/la38-22-2-0/in_uwyo_7.idf
/home/xxx/fortran_experiments/_9_urbanopt/la38-22-2-0/in_uwyo_6.idf
/home/xxx/fortran_experiments/_9_urbanopt/la38-22-2-0/in_uwyo_5.idf
/home/xxx/fortran_experiments/_9_urbanopt/la38-22-2-0/in_uwyo_4.idf
/home/xxx/fortran_experiments/_9_urbanopt/la38-22-2-0/in_uwyo_3.idf
/home/xxx/fortran_experiments/_9_urbanopt/la38-22-2-0/in_uwyo_2.idf
/home/xxx/fortran_experiments/_9_urbanopt/la38-22-2-0/in_uwyo_1.idf
