C:\Users\wulic\Documents\GitHub\fortran_experiments\_9_urbanopt\wy-simpified-22-2-0\in_uwyo_simplified_38.idf
C:\Users\wulic\Documents\GitHub\fortran_experiments\_9_urbanopt\wy-simpified-22-2-0\in_uwyo_simplified_37.idf
C:\Users\wulic\Documents\GitHub\fortran_experiments\_9_urbanopt\wy-simpified-22-2-0\in_uwyo_simplified_36.idf
C:\Users\wulic\Documents\GitHub\fortran_experiments\_9_urbanopt\wy-simpified-22-2-0\in_uwyo_simplified_35.idf
C:\Users\wulic\Documents\GitHub\fortran_experiments\_9_urbanopt\wy-simpified-22-2-0\in_uwyo_simplified_34.idf
C:\Users\wulic\Documents\GitHub\fortran_experiments\_9_urbanopt\wy-simpified-22-2-0\in_uwyo_simplified_33.idf
C:\Users\wulic\Documents\GitHub\fortran_experiments\_9_urbanopt\wy-simpified-22-2-0\in_uwyo_simplified_32.idf
C:\Users\wulic\Documents\GitHub\fortran_experiments\_9_urbanopt\wy-simpified-22-2-0\in_uwyo_simplified_31.idf
C:\Users\wulic\Documents\GitHub\fortran_experiments\_9_urbanopt\wy-simpified-22-2-0\in_uwyo_simplified_30.idf
C:\Users\wulic\Documents\GitHub\fortran_experiments\_9_urbanopt\wy-simpified-22-2-0\in_uwyo_simplified_29.idf
C:\Users\wulic\Documents\GitHub\fortran_experiments\_9_urbanopt\wy-simpified-22-2-0\in_uwyo_simplified_28.idf
C:\Users\wulic\Documents\GitHub\fortran_experiments\_9_urbanopt\wy-simpified-22-2-0\in_uwyo_simplified_27.idf
C:\Users\wulic\Documents\GitHub\fortran_experiments\_9_urbanopt\wy-simpified-22-2-0\in_uwyo_simplified_26.idf
C:\Users\wulic\Documents\GitHub\fortran_experiments\_9_urbanopt\wy-simpified-22-2-0\in_uwyo_simplified_25.idf
C:\Users\wulic\Documents\GitHub\fortran_experiments\_9_urbanopt\wy-simpified-22-2-0\in_uwyo_simplified_24.idf
C:\Users\wulic\Documents\GitHub\fortran_experiments\_9_urbanopt\wy-simpified-22-2-0\in_uwyo_simplified_23.idf
C:\Users\wulic\Documents\GitHub\fortran_experiments\_9_urbanopt\wy-simpified-22-2-0\in_uwyo_simplified_22.idf
C:\Users\wulic\Documents\GitHub\fortran_experiments\_9_urbanopt\wy-simpified-22-2-0\in_uwyo_simplified_21.idf
C:\Users\wulic\Documents\GitHub\fortran_experiments\_9_urbanopt\wy-simpified-22-2-0\in_uwyo_simplified_20.idf
C:\Users\wulic\Documents\GitHub\fortran_experiments\_9_urbanopt\wy-simpified-22-2-0\in_uwyo_simplified_19.idf
C:\Users\wulic\Documents\GitHub\fortran_experiments\_9_urbanopt\wy-simpified-22-2-0\in_uwyo_simplified_18.idf
C:\Users\wulic\Documents\GitHub\fortran_experiments\_9_urbanopt\wy-simpified-22-2-0\in_uwyo_simplified_17.idf
C:\Users\wulic\Documents\GitHub\fortran_experiments\_9_urbanopt\wy-simpified-22-2-0\in_uwyo_simplified_16.idf
C:\Users\wulic\Documents\GitHub\fortran_experiments\_9_urbanopt\wy-simpified-22-2-0\in_uwyo_simplified_15.idf
C:\Users\wulic\Documents\GitHub\fortran_experiments\_9_urbanopt\wy-simpified-22-2-0\in_uwyo_simplified_14.idf
C:\Users\wulic\Documents\GitHub\fortran_experiments\_9_urbanopt\wy-simpified-22-2-0\in_uwyo_simplified_13.idf
C:\Users\wulic\Documents\GitHub\fortran_experiments\_9_urbanopt\wy-simpified-22-2-0\in_uwyo_simplified_12.idf
C:\Users\wulic\Documents\GitHub\fortran_experiments\_9_urbanopt\wy-simpified-22-2-0\in_uwyo_simplified_11.idf
C:\Users\wulic\Documents\GitHub\fortran_experiments\_9_urbanopt\wy-simpified-22-2-0\in_uwyo_simplified_10.idf
C:\Users\wulic\Documents\GitHub\fortran_experiments\_9_urbanopt\wy-simpified-22-2-0\in_uwyo_simplified_9.idf
C:\Users\wulic\Documents\GitHub\fortran_experiments\_9_urbanopt\wy-simpified-22-2-0\in_uwyo_simplified_8.idf
C:\Users\wulic\Documents\GitHub\fortran_experiments\_9_urbanopt\wy-simpified-22-2-0\in_uwyo_simplified_7.idf
C:\Users\wulic\Documents\GitHub\fortran_experiments\_9_urbanopt\wy-simpified-22-2-0\in_uwyo_simplified_6.idf
C:\Users\wulic\Documents\GitHub\fortran_experiments\_9_urbanopt\wy-simpified-22-2-0\in_uwyo_simplified_5.idf
C:\Users\wulic\Documents\GitHub\fortran_experiments\_9_urbanopt\wy-simpified-22-2-0\in_uwyo_simplified_4.idf
C:\Users\wulic\Documents\GitHub\fortran_experiments\_9_urbanopt\wy-simpified-22-2-0\in_uwyo_simplified_3.idf
C:\Users\wulic\Documents\GitHub\fortran_experiments\_9_urbanopt\wy-simpified-22-2-0\in_uwyo_simplified_2.idf
C:\Users\wulic\Documents\GitHub\fortran_experiments\_9_urbanopt\wy-simpified-22-2-0\in_uwyo_simplified_1.idf
